// Jest Snapshot v1, https://goo.gl/fbAQLP

exports[`TEst for Resort component Form snapShot test 1`] = `
<>
      <button
        type="button"
        className={resortClass.button_container}
        onClick={handleShow}
      >
        Reserve
      </button>
      <div>
        <Modal
          show={show}
          onHide={handleClose}
          backdrop="static"
          keyboard={false}
        >
          <Modal.Header closeButton>
            <Modal.Title>Make a Reservation</Modal.Title>
          </Modal.Header>
          <Modal.Body>
            <form onSubmit={handleSubmit(onSubmit)}>
              <div className="row">
                <div className="col-12">
                  <p> From </p>
                  {/* eslint-disable-next-line react/jsx-props-no-spreading */}
                  <input
                    type="date"
                    id="from"
                    className="form-control"
                    {...register('date_from')}
                  />
                </div>
                <div className="col-12">
                  <p> To </p>
                  {/* eslint-disable-next-line react/jsx-props-no-spreading */}
                  <input
                    type="date"
                    className="form-control"
                    {...register('date_to')}
                  />
                </div>
              </div>
              <div className="m-3">
                <button type="submit" className="btn btn-success">
                  {' '}
                  submit
                </button>
              </div>
            </form>
          </Modal.Body>
        </Modal>
      </div>
    </>
`